// Jest Snapshot v1, https://goo.gl/fbAQLP

exports[`Render Without Crashing 1`] = `
Array [
  <h3
    className="MuiTypography-root MuiTypography-h3 css-47suzj-MuiTypography-root"
  >
    Character Details
  </h3>,
  <div
    className="MuiBox-root css-qpry38"
    onClick={[Function]}
  >
    <svg
      aria-hidden={true}
      className="MuiSvgIcon-root MuiSvgIcon-fontSizeMedium css-i4bv87-MuiSvgIcon-root"
      data-testid="ArrowBackIcon"
      focusable="false"
      viewBox="0 0 24 24"
    >
      <path
        d="M20 11H7.83l5.59-5.59L12 4l-8 8 8 8 1.41-1.41L7.83 13H20v-2z"
      />
    </svg>
    <span
      className="MuiTypography-root MuiTypography-caption css-d1fgqh-MuiTypography-root"
    >
      Go Back
    </span>
  </div>,
  <div
    className="MuiBox-root css-tbucl4"
  >
    <span
      className="MuiSkeleton-root MuiSkeleton-rectangular MuiSkeleton-wave css-1slz293-MuiSkeleton-root"
      style={
        Object {
          "height": 300,
          "width": 350,
        }
      }
    />
    <div
      className="css-1okj3ks-MuiStack-root"
    >
      <h4
        className="MuiTypography-root MuiTypography-h4 css-1313egv-MuiTypography-root"
      />
      <div
        className="MuiBox-root css-uklcv"
      >
        <span
          className="MuiTypography-root MuiTypography-caption css-sfqsx-MuiTypography-root"
        >
          Status:
        </span>
        <span
          className="MuiTypography-root MuiTypography-caption css-1sn4lm3-MuiTypography-root"
        />
      </div>
      <div
        className="MuiBox-root css-uklcv"
      >
        <span
          className="MuiTypography-root MuiTypography-caption css-sfqsx-MuiTypography-root"
        >
          Species:
        </span>
        <span
          className="MuiTypography-root MuiTypography-caption css-1sn4lm3-MuiTypography-root"
        />
      </div>
      <div
        className="MuiBox-root css-uklcv"
      >
        <span
          className="MuiTypography-root MuiTypography-caption css-sfqsx-MuiTypography-root"
        >
          Gender:
        </span>
        <span
          className="MuiTypography-root MuiTypography-caption css-1sn4lm3-MuiTypography-root"
        />
      </div>
      <div
        className="MuiBox-root css-uklcv"
      >
        <span
          className="MuiTypography-root MuiTypography-caption css-sfqsx-MuiTypography-root"
        >
          Last Known Location:
        </span>
        <span
          className="MuiTypography-root MuiTypography-caption css-1sn4lm3-MuiTypography-root"
        />
      </div>
    </div>
  </div>,
]
`;
