// Jest Snapshot v1, https://goo.gl/fbAQLP

exports[`Render Without Crashing Main App 1`] = `
<div
  className="css-1g7p4m1"
>
  <div
    className="MuiContainer-root MuiContainer-maxWidthLg css-1ktt8pt-MuiContainer-root"
  >
    <div
      className="css-1cegspo"
    >
      <span
        className="MuiCircularProgress-root MuiCircularProgress-indeterminate MuiCircularProgress-colorSecondary css-1szo49z-MuiCircularProgress-root"
        role="progressbar"
        style={
          Object {
            "height": 40,
            "width": 40,
          }
        }
      >
        <svg
          className="MuiCircularProgress-svg css-1idz92c-MuiCircularProgress-svg"
          viewBox="22 22 44 44"
        >
          <circle
            className="MuiCircularProgress-circle MuiCircularProgress-circleIndeterminate css-176wh8e-MuiCircularProgress-circle"
            cx={44}
            cy={44}
            fill="none"
            r={20.2}
            strokeWidth={3.6}
            style={Object {}}
          />
        </svg>
      </span>
    </div>
  </div>
</div>
`;
